2025-11-20 01:19:34 - P1 - INFO - Logger initialized for Process 1
2025-11-20 01:19:34 - P1 - INFO - Process 1 initialized on 127.0.0.1:5001
2025-11-20 01:19:34 - P1 - INFO - Server listening on 127.0.0.1:5001
2025-11-20 01:19:39 - P1 - INFO - RECEIVE: message 1 from P0 | MsgVC=[1, 0, 0] | CurrentVC=[P1:0*]
2025-11-20 01:19:39 - P1 - INFO - DELIVERED (DIRECT): message 1 from P0 | MsgVC=[1, 0, 0] | VC_Changes=[P0:0→1, P1:0→1] | NewVC=[1, 1, 0]
2025-11-20 01:19:39 - P1 - DEBUG - Sending to P0 at rate 102 msgs/min (delay=0.588s)
2025-11-20 01:19:39 - P1 - DEBUG - Sending to P2 at rate 106 msgs/min (delay=0.566s)
2025-11-20 01:19:39 - P1 - INFO - Process 1 started with 2 sender threads
2025-11-20 01:19:39 - P1 - INFO - SEND: message 1 to P0 | MsgVC=[1, 2, 0] | CurrentVC=[P0:1, P1:3*]
2025-11-20 01:19:39 - P1 - INFO - SEND: message 1 to P2 | MsgVC=[1, 3, 0] | CurrentVC=[P0:1, P1:3*]
2025-11-20 01:19:40 - P1 - INFO - RECEIVE: message 2 from P0 | MsgVC=[3, 0, 0] | CurrentVC=[P0:1, P1:3*]
2025-11-20 01:19:40 - P1 - WARNING - BUFFERED: message 2 from P0 | MsgVC=[3, 0, 0] | CurrentVC=[1, 3, 0] | BufferSize=1 | Reason: Missing 1 message(s) from P0 (need VC[0]=2, got 3)
2025-11-20 01:19:40 - P1 - INFO - RECEIVE: message 1 from P2 | MsgVC=[0, 0, 2] | CurrentVC=[P0:1, P1:3*]
2025-11-20 01:19:40 - P1 - WARNING - BUFFERED: message 1 from P2 | MsgVC=[0, 0, 2] | CurrentVC=[1, 3, 0] | BufferSize=2 | Reason: Missing 1 message(s) from P2 (need VC[2]=1, got 2)
2025-11-20 01:19:40 - P1 - INFO - SEND: message 2 to P2 | MsgVC=[1, 4, 0] | CurrentVC=[P0:1, P1:4*]
2025-11-20 01:19:40 - P1 - INFO - SEND: message 2 to P0 | MsgVC=[1, 5, 0] | CurrentVC=[P0:1, P1:5*]
2025-11-20 01:19:40 - P1 - INFO - RECEIVE: message 3 from P0 | MsgVC=[6, 0, 1] | CurrentVC=[P0:1, P1:5*]
2025-11-20 01:19:40 - P1 - WARNING - BUFFERED: message 3 from P0 | MsgVC=[6, 0, 1] | CurrentVC=[1, 5, 0] | BufferSize=3 | Reason: Missing 4 message(s) from P0 (need VC[0]=2, got 6); Missing 1 message(s) from P2 (need VC[2]=1, have 0)
2025-11-20 01:19:40 - P1 - INFO - SEND: message 3 to P2 | MsgVC=[1, 6, 0] | CurrentVC=[P0:1, P1:6*]
2025-11-20 01:19:41 - P1 - INFO - RECEIVE: message 2 from P2 | MsgVC=[0, 0, 3] | CurrentVC=[P0:1, P1:7*]
2025-11-20 01:19:41 - P1 - WARNING - BUFFERED: message 2 from P2 | MsgVC=[0, 0, 3] | CurrentVC=[1, 7, 0] | BufferSize=4 | Reason: Missing 2 message(s) from P2 (need VC[2]=1, got 3)
2025-11-20 01:19:41 - P1 - INFO - SEND: message 3 to P0 | MsgVC=[1, 7, 0] | CurrentVC=[P0:1, P1:7*]
2025-11-20 01:19:41 - P1 - INFO - RECEIVE: message 4 from P0 | MsgVC=[8, 0, 1] | CurrentVC=[P0:1, P1:7*]
2025-11-20 01:19:41 - P1 - WARNING - BUFFERED: message 4 from P0 | MsgVC=[8, 0, 1] | CurrentVC=[1, 7, 0] | BufferSize=5 | Reason: Missing 6 message(s) from P0 (need VC[0]=2, got 8); Missing 1 message(s) from P2 (need VC[2]=1, have 0)
2025-11-20 01:19:41 - P1 - INFO - SEND: message 4 to P2 | MsgVC=[1, 8, 0] | CurrentVC=[P0:1, P1:8*]
2025-11-20 01:19:41 - P1 - INFO - SEND: message 4 to P0 | MsgVC=[1, 9, 0] | CurrentVC=[P0:1, P1:9*]
2025-11-20 01:19:41 - P1 - INFO - RECEIVE: message 5 from P0 | MsgVC=[10, 0, 1] | CurrentVC=[P0:1, P1:9*]
2025-11-20 01:19:41 - P1 - WARNING - BUFFERED: message 5 from P0 | MsgVC=[10, 0, 1] | CurrentVC=[1, 9, 0] | BufferSize=6 | Reason: Missing 8 message(s) from P0 (need VC[0]=2, got 10); Missing 1 message(s) from P2 (need VC[2]=1, have 0)
2025-11-20 01:19:41 - P1 - INFO - RECEIVE: message 3 from P2 | MsgVC=[0, 0, 5] | CurrentVC=[P0:1, P1:9*]
2025-11-20 01:19:41 - P1 - WARNING - BUFFERED: message 3 from P2 | MsgVC=[0, 0, 5] | CurrentVC=[1, 9, 0] | BufferSize=7 | Reason: Missing 4 message(s) from P2 (need VC[2]=1, got 5)
2025-11-20 01:19:42 - P1 - INFO - SEND: message 5 to P2 | MsgVC=[1, 10, 0] | CurrentVC=[P0:1, P1:10*]
2025-11-20 01:19:42 - P1 - INFO - RECEIVE: message 6 from P0 | MsgVC=[13, 0, 1] | CurrentVC=[P0:1, P1:10*]
2025-11-20 01:19:42 - P1 - WARNING - BUFFERED: message 6 from P0 | MsgVC=[13, 0, 1] | CurrentVC=[1, 10, 0] | BufferSize=8 | Reason: Missing 11 message(s) from P0 (need VC[0]=2, got 13); Missing 1 message(s) from P2 (need VC[2]=1, have 0)
2025-11-20 01:19:42 - P1 - INFO - SEND: message 5 to P0 | MsgVC=[1, 11, 0] | CurrentVC=[P0:1, P1:11*]
2025-11-20 01:19:42 - P1 - INFO - RECEIVE: message 4 from P2 | MsgVC=[0, 0, 7] | CurrentVC=[P0:1, P1:11*]
2025-11-20 01:19:42 - P1 - WARNING - BUFFERED: message 4 from P2 | MsgVC=[0, 0, 7] | CurrentVC=[1, 11, 0] | BufferSize=9 | Reason: Missing 6 message(s) from P2 (need VC[2]=1, got 7)
2025-11-20 01:19:42 - P1 - INFO - RECEIVE: message 7 from P0 | MsgVC=[14, 0, 1] | CurrentVC=[P0:1, P1:11*]
2025-11-20 01:19:42 - P1 - WARNING - BUFFERED: message 7 from P0 | MsgVC=[14, 0, 1] | CurrentVC=[1, 11, 0] | BufferSize=10 | Reason: Missing 12 message(s) from P0 (need VC[0]=2, got 14); Missing 1 message(s) from P2 (need VC[2]=1, have 0)
2025-11-20 01:19:42 - P1 - INFO - SEND: message 6 to P2 | MsgVC=[1, 12, 0] | CurrentVC=[P0:1, P1:12*]
2025-11-20 01:19:42 - P1 - INFO - SEND: message 6 to P0 | MsgVC=[1, 13, 0] | CurrentVC=[P0:1, P1:13*]
2025-11-20 01:19:43 - P1 - INFO - RECEIVE: message 5 from P2 | MsgVC=[0, 0, 8] | CurrentVC=[P0:1, P1:13*]
2025-11-20 01:19:43 - P1 - WARNING - BUFFERED: message 5 from P2 | MsgVC=[0, 0, 8] | CurrentVC=[1, 13, 0] | BufferSize=11 | Reason: Missing 7 message(s) from P2 (need VC[2]=1, got 8)
2025-11-20 01:19:43 - P1 - INFO - RECEIVE: message 8 from P0 | MsgVC=[16, 0, 1] | CurrentVC=[P0:1, P1:13*]
2025-11-20 01:19:43 - P1 - WARNING - BUFFERED: message 8 from P0 | MsgVC=[16, 0, 1] | CurrentVC=[1, 13, 0] | BufferSize=12 | Reason: Missing 14 message(s) from P0 (need VC[0]=2, got 16); Missing 1 message(s) from P2 (need VC[2]=1, have 0)
2025-11-20 01:19:43 - P1 - INFO - SEND: message 7 to P2 | MsgVC=[1, 14, 0] | CurrentVC=[P0:1, P1:14*]
2025-11-20 01:19:43 - P1 - INFO - SEND: message 7 to P0 | MsgVC=[1, 15, 0] | CurrentVC=[P0:1, P1:15*]
2025-11-20 01:19:43 - P1 - INFO - RECEIVE: message 9 from P0 | MsgVC=[18, 0, 1] | CurrentVC=[P0:1, P1:15*]
2025-11-20 01:19:43 - P1 - WARNING - BUFFERED: message 9 from P0 | MsgVC=[18, 0, 1] | CurrentVC=[1, 15, 0] | BufferSize=13 | Reason: Missing 16 message(s) from P0 (need VC[0]=2, got 18); Missing 1 message(s) from P2 (need VC[2]=1, have 0)
2025-11-20 01:19:43 - P1 - INFO - SEND: message 8 to P2 | MsgVC=[1, 16, 0] | CurrentVC=[P0:1, P1:16*]
2025-11-20 01:19:43 - P1 - INFO - RECEIVE: message 6 from P2 | MsgVC=[0, 0, 10] | CurrentVC=[P0:1, P1:16*]
2025-11-20 01:19:43 - P1 - WARNING - BUFFERED: message 6 from P2 | MsgVC=[0, 0, 10] | CurrentVC=[1, 16, 0] | BufferSize=14 | Reason: Missing 9 message(s) from P2 (need VC[2]=1, got 10)
2025-11-20 01:19:44 - P1 - INFO - SEND: message 8 to P0 | MsgVC=[1, 17, 0] | CurrentVC=[P0:1, P1:17*]
2025-11-20 01:19:44 - P1 - INFO - RECEIVE: message 10 from P0 | MsgVC=[20, 0, 1] | CurrentVC=[P0:1, P1:17*]
2025-11-20 01:19:44 - P1 - WARNING - BUFFERED: message 10 from P0 | MsgVC=[20, 0, 1] | CurrentVC=[1, 17, 0] | BufferSize=15 | Reason: Missing 18 message(s) from P0 (need VC[0]=2, got 20); Missing 1 message(s) from P2 (need VC[2]=1, have 0)
2025-11-20 01:19:44 - P1 - INFO - SEND: message 9 to P2 | MsgVC=[1, 18, 0] | CurrentVC=[P0:1, P1:18*]
2025-11-20 01:19:44 - P1 - INFO - RECEIVE: message 7 from P2 | MsgVC=[0, 0, 12] | CurrentVC=[P0:1, P1:18*]
2025-11-20 01:19:44 - P1 - WARNING - BUFFERED: message 7 from P2 | MsgVC=[0, 0, 12] | CurrentVC=[1, 18, 0] | BufferSize=16 | Reason: Missing 11 message(s) from P2 (need VC[2]=1, got 12)
2025-11-20 01:19:44 - P1 - INFO - SEND: message 9 to P0 | MsgVC=[1, 19, 0] | CurrentVC=[P0:1, P1:19*]
2025-11-20 01:19:44 - P1 - INFO - RECEIVE: message 11 from P0 | MsgVC=[22, 0, 1] | CurrentVC=[P0:1, P1:19*]
2025-11-20 01:19:44 - P1 - WARNING - BUFFERED: message 11 from P0 | MsgVC=[22, 0, 1] | CurrentVC=[1, 19, 0] | BufferSize=17 | Reason: Missing 20 message(s) from P0 (need VC[0]=2, got 22); Missing 1 message(s) from P2 (need VC[2]=1, have 0)
2025-11-20 01:19:45 - P1 - INFO - SEND: message 10 to P2 | MsgVC=[1, 20, 0] | CurrentVC=[P0:1, P1:20*]
2025-11-20 01:19:45 - P1 - INFO - SEND: message 10 to P0 | MsgVC=[1, 21, 0] | CurrentVC=[P0:1, P1:21*]
2025-11-20 01:19:45 - P1 - INFO - RECEIVE: message 12 from P0 | MsgVC=[24, 0, 1] | CurrentVC=[P0:1, P1:21*]
2025-11-20 01:19:45 - P1 - WARNING - BUFFERED: message 12 from P0 | MsgVC=[24, 0, 1] | CurrentVC=[1, 21, 0] | BufferSize=18 | Reason: Missing 22 message(s) from P0 (need VC[0]=2, got 24); Missing 1 message(s) from P2 (need VC[2]=1, have 0)
2025-11-20 01:19:45 - P1 - INFO - RECEIVE: message 8 from P2 | MsgVC=[0, 0, 14] | CurrentVC=[P0:1, P1:21*]
2025-11-20 01:19:45 - P1 - WARNING - BUFFERED: message 8 from P2 | MsgVC=[0, 0, 14] | CurrentVC=[1, 21, 0] | BufferSize=19 | Reason: Missing 13 message(s) from P2 (need VC[2]=1, got 14)
2025-11-20 01:19:45 - P1 - INFO - SEND: message 11 to P2 | MsgVC=[1, 22, 0] | CurrentVC=[P0:1, P1:22*]
2025-11-20 01:19:45 - P1 - INFO - RECEIVE: message 13 from P0 | MsgVC=[26, 0, 1] | CurrentVC=[P0:1, P1:22*]
2025-11-20 01:19:45 - P1 - WARNING - BUFFERED: message 13 from P0 | MsgVC=[26, 0, 1] | CurrentVC=[1, 22, 0] | BufferSize=20 | Reason: Missing 24 message(s) from P0 (need VC[0]=2, got 26); Missing 1 message(s) from P2 (need VC[2]=1, have 0)
2025-11-20 01:19:45 - P1 - INFO - SEND: message 11 to P0 | MsgVC=[1, 23, 0] | CurrentVC=[P0:1, P1:23*]
2025-11-20 01:19:46 - P1 - INFO - RECEIVE: message 9 from P2 | MsgVC=[0, 0, 15] | CurrentVC=[P0:1, P1:23*]
2025-11-20 01:19:46 - P1 - WARNING - BUFFERED: message 9 from P2 | MsgVC=[0, 0, 15] | CurrentVC=[1, 23, 0] | BufferSize=21 | Reason: Missing 14 message(s) from P2 (need VC[2]=1, got 15)
2025-11-20 01:19:46 - P1 - INFO - SEND: message 12 to P2 | MsgVC=[1, 24, 0] | CurrentVC=[P0:1, P1:24*]
2025-11-20 01:19:46 - P1 - INFO - RECEIVE: message 14 from P0 | MsgVC=[28, 0, 1] | CurrentVC=[P0:1, P1:24*]
2025-11-20 01:19:46 - P1 - WARNING - BUFFERED: message 14 from P0 | MsgVC=[28, 0, 1] | CurrentVC=[1, 24, 0] | BufferSize=22 | Reason: Missing 26 message(s) from P0 (need VC[0]=2, got 28); Missing 1 message(s) from P2 (need VC[2]=1, have 0)
2025-11-20 01:19:46 - P1 - INFO - SEND: message 12 to P0 | MsgVC=[1, 25, 0] | CurrentVC=[P0:1, P1:25*]
2025-11-20 01:19:46 - P1 - INFO - SEND: message 13 to P2 | MsgVC=[1, 26, 0] | CurrentVC=[P0:1, P1:26*]
2025-11-20 01:19:46 - P1 - INFO - RECEIVE: message 15 from P0 | MsgVC=[30, 0, 1] | CurrentVC=[P0:1, P1:26*]
2025-11-20 01:19:46 - P1 - WARNING - BUFFERED: message 15 from P0 | MsgVC=[30, 0, 1] | CurrentVC=[1, 26, 0] | BufferSize=23 | Reason: Missing 28 message(s) from P0 (need VC[0]=2, got 30); Missing 1 message(s) from P2 (need VC[2]=1, have 0)
2025-11-20 01:19:46 - P1 - INFO - RECEIVE: message 10 from P2 | MsgVC=[0, 0, 17] | CurrentVC=[P0:1, P1:26*]
2025-11-20 01:19:46 - P1 - WARNING - BUFFERED: message 10 from P2 | MsgVC=[0, 0, 17] | CurrentVC=[1, 26, 0] | BufferSize=24 | Reason: Missing 16 message(s) from P2 (need VC[2]=1, got 17)
2025-11-20 01:19:47 - P1 - INFO - SEND: message 13 to P0 | MsgVC=[1, 27, 0] | CurrentVC=[P0:1, P1:27*]
2025-11-20 01:19:47 - P1 - INFO - RECEIVE: message 16 from P0 | MsgVC=[32, 0, 1] | CurrentVC=[P0:1, P1:27*]
2025-11-20 01:19:47 - P1 - WARNING - BUFFERED: message 16 from P0 | MsgVC=[32, 0, 1] | CurrentVC=[1, 27, 0] | BufferSize=25 | Reason: Missing 30 message(s) from P0 (need VC[0]=2, got 32); Missing 1 message(s) from P2 (need VC[2]=1, have 0)
2025-11-20 01:19:47 - P1 - INFO - SEND: message 14 to P2 | MsgVC=[1, 28, 0] | CurrentVC=[P0:1, P1:28*]
2025-11-20 01:19:47 - P1 - INFO - RECEIVE: message 11 from P2 | MsgVC=[0, 0, 19] | CurrentVC=[P0:1, P1:28*]
2025-11-20 01:19:47 - P1 - WARNING - BUFFERED: message 11 from P2 | MsgVC=[0, 0, 19] | CurrentVC=[1, 28, 0] | BufferSize=26 | Reason: Missing 18 message(s) from P2 (need VC[2]=1, got 19)
2025-11-20 01:19:47 - P1 - INFO - SEND: message 14 to P0 | MsgVC=[1, 29, 0] | CurrentVC=[P0:1, P1:29*]
2025-11-20 01:19:47 - P1 - INFO - RECEIVE: message 17 from P0 | MsgVC=[34, 0, 1] | CurrentVC=[P0:1, P1:29*]
2025-11-20 01:19:47 - P1 - WARNING - BUFFERED: message 17 from P0 | MsgVC=[34, 0, 1] | CurrentVC=[1, 29, 0] | BufferSize=27 | Reason: Missing 32 message(s) from P0 (need VC[0]=2, got 34); Missing 1 message(s) from P2 (need VC[2]=1, have 0)
2025-11-20 01:19:47 - P1 - INFO - SEND: message 15 to P2 | MsgVC=[1, 30, 0] | CurrentVC=[P0:1, P1:30*]
2025-11-20 01:19:48 - P1 - INFO - RECEIVE: message 12 from P2 | MsgVC=[0, 0, 21] | CurrentVC=[P0:1, P1:30*]
2025-11-20 01:19:48 - P1 - WARNING - BUFFERED: message 12 from P2 | MsgVC=[0, 0, 21] | CurrentVC=[1, 30, 0] | BufferSize=28 | Reason: Missing 20 message(s) from P2 (need VC[2]=1, got 21)
2025-11-20 01:19:48 - P1 - INFO - SEND: message 15 to P0 | MsgVC=[1, 31, 0] | CurrentVC=[P0:1, P1:31*]
2025-11-20 01:19:48 - P1 - INFO - RECEIVE: message 18 from P0 | MsgVC=[36, 0, 1] | CurrentVC=[P0:1, P1:31*]
2025-11-20 01:19:48 - P1 - WARNING - BUFFERED: message 18 from P0 | MsgVC=[36, 0, 1] | CurrentVC=[1, 31, 0] | BufferSize=29 | Reason: Missing 34 message(s) from P0 (need VC[0]=2, got 36); Missing 1 message(s) from P2 (need VC[2]=1, have 0)
2025-11-20 01:19:48 - P1 - INFO - SEND: message 16 to P2 | MsgVC=[1, 32, 0] | CurrentVC=[P0:1, P1:32*]
2025-11-20 01:19:48 - P1 - INFO - RECEIVE: message 19 from P0 | MsgVC=[38, 0, 1] | CurrentVC=[P0:1, P1:32*]
2025-11-20 01:19:48 - P1 - WARNING - BUFFERED: message 19 from P0 | MsgVC=[38, 0, 1] | CurrentVC=[1, 32, 0] | BufferSize=30 | Reason: Missing 36 message(s) from P0 (need VC[0]=2, got 38); Missing 1 message(s) from P2 (need VC[2]=1, have 0)
2025-11-20 01:19:48 - P1 - INFO - SEND: message 16 to P0 | MsgVC=[1, 33, 0] | CurrentVC=[P0:1, P1:33*]
2025-11-20 01:19:48 - P1 - INFO - RECEIVE: message 13 from P2 | MsgVC=[0, 0, 22] | CurrentVC=[P0:1, P1:33*]
2025-11-20 01:19:48 - P1 - WARNING - BUFFERED: message 13 from P2 | MsgVC=[0, 0, 22] | CurrentVC=[1, 33, 0] | BufferSize=31 | Reason: Missing 21 message(s) from P2 (need VC[2]=1, got 22)
2025-11-20 01:19:49 - P1 - INFO - SEND: message 17 to P2 | MsgVC=[1, 34, 0] | CurrentVC=[P0:1, P1:34*]
2025-11-20 01:19:49 - P1 - INFO - RECEIVE: message 20 from P0 | MsgVC=[40, 0, 1] | CurrentVC=[P0:1, P1:34*]
2025-11-20 01:19:49 - P1 - WARNING - BUFFERED: message 20 from P0 | MsgVC=[40, 0, 1] | CurrentVC=[1, 34, 0] | BufferSize=32 | Reason: Missing 38 message(s) from P0 (need VC[0]=2, got 40); Missing 1 message(s) from P2 (need VC[2]=1, have 0)
2025-11-20 01:19:49 - P1 - INFO - SEND: message 17 to P0 | MsgVC=[1, 35, 0] | CurrentVC=[P0:1, P1:35*]
2025-11-20 01:19:49 - P1 - INFO - SEND: message 18 to P2 | MsgVC=[1, 36, 0] | CurrentVC=[P0:1, P1:36*]
2025-11-20 01:19:49 - P1 - INFO - RECEIVE: message 14 from P2 | MsgVC=[0, 0, 24] | CurrentVC=[P0:1, P1:36*]
2025-11-20 01:19:49 - P1 - WARNING - BUFFERED: message 14 from P2 | MsgVC=[0, 0, 24] | CurrentVC=[1, 36, 0] | BufferSize=33 | Reason: Missing 23 message(s) from P2 (need VC[2]=1, got 24)
2025-11-20 01:19:49 - P1 - INFO - RECEIVE: message 21 from P0 | MsgVC=[42, 0, 1] | CurrentVC=[P0:1, P1:36*]
2025-11-20 01:19:49 - P1 - WARNING - BUFFERED: message 21 from P0 | MsgVC=[42, 0, 1] | CurrentVC=[1, 36, 0] | BufferSize=34 | Reason: Missing 40 message(s) from P0 (need VC[0]=2, got 42); Missing 1 message(s) from P2 (need VC[2]=1, have 0)
2025-11-20 01:19:50 - P1 - INFO - SEND: message 18 to P0 | MsgVC=[1, 37, 0] | CurrentVC=[P0:1, P1:37*]
2025-11-20 01:19:50 - P1 - INFO - SEND: message 19 to P2 | MsgVC=[1, 38, 0] | CurrentVC=[P0:1, P1:38*]
2025-11-20 01:19:50 - P1 - INFO - RECEIVE: message 22 from P0 | MsgVC=[44, 0, 1] | CurrentVC=[P0:1, P1:38*]
2025-11-20 01:19:50 - P1 - WARNING - BUFFERED: message 22 from P0 | MsgVC=[44, 0, 1] | CurrentVC=[1, 38, 0] | BufferSize=35 | Reason: Missing 42 message(s) from P0 (need VC[0]=2, got 44); Missing 1 message(s) from P2 (need VC[2]=1, have 0)
2025-11-20 01:19:50 - P1 - INFO - RECEIVE: message 15 from P2 | MsgVC=[0, 0, 26] | CurrentVC=[P0:1, P1:38*]
2025-11-20 01:19:50 - P1 - WARNING - BUFFERED: message 15 from P2 | MsgVC=[0, 0, 26] | CurrentVC=[1, 38, 0] | BufferSize=36 | Reason: Missing 25 message(s) from P2 (need VC[2]=1, got 26)
2025-11-20 01:19:50 - P1 - INFO - SEND: message 19 to P0 | MsgVC=[1, 39, 0] | CurrentVC=[P0:1, P1:39*]
2025-11-20 01:19:50 - P1 - INFO - SEND: message 20 to P2 | MsgVC=[1, 40, 0] | CurrentVC=[P0:1, P1:40*]
2025-11-20 01:19:50 - P1 - INFO - RECEIVE: message 23 from P0 | MsgVC=[46, 0, 1] | CurrentVC=[P0:1, P1:40*]
2025-11-20 01:19:50 - P1 - WARNING - BUFFERED: message 23 from P0 | MsgVC=[46, 0, 1] | CurrentVC=[1, 40, 0] | BufferSize=37 | Reason: Missing 44 message(s) from P0 (need VC[0]=2, got 46); Missing 1 message(s) from P2 (need VC[2]=1, have 0)
2025-11-20 01:19:51 - P1 - INFO - RECEIVE: message 16 from P2 | MsgVC=[0, 0, 28] | CurrentVC=[P0:1, P1:40*]
2025-11-20 01:19:51 - P1 - WARNING - BUFFERED: message 16 from P2 | MsgVC=[0, 0, 28] | CurrentVC=[1, 40, 0] | BufferSize=38 | Reason: Missing 27 message(s) from P2 (need VC[2]=1, got 28)
2025-11-20 01:19:51 - P1 - INFO - SEND: message 20 to P0 | MsgVC=[1, 41, 0] | CurrentVC=[P0:1, P1:41*]
2025-11-20 01:19:51 - P1 - INFO - SEND: message 21 to P2 | MsgVC=[1, 42, 0] | CurrentVC=[P0:1, P1:42*]
2025-11-20 01:19:51 - P1 - INFO - RECEIVE: message 24 from P0 | MsgVC=[48, 0, 1] | CurrentVC=[P0:1, P1:42*]
2025-11-20 01:19:51 - P1 - WARNING - BUFFERED: message 24 from P0 | MsgVC=[48, 0, 1] | CurrentVC=[1, 42, 0] | BufferSize=39 | Reason: Missing 46 message(s) from P0 (need VC[0]=2, got 48); Missing 1 message(s) from P2 (need VC[2]=1, have 0)
2025-11-20 01:19:51 - P1 - INFO - RECEIVE: message 17 from P2 | MsgVC=[0, 0, 29] | CurrentVC=[P0:1, P1:42*]
2025-11-20 01:19:51 - P1 - WARNING - BUFFERED: message 17 from P2 | MsgVC=[0, 0, 29] | CurrentVC=[1, 42, 0] | BufferSize=40 | Reason: Missing 28 message(s) from P2 (need VC[2]=1, got 29)
2025-11-20 01:19:51 - P1 - INFO - SEND: message 21 to P0 | MsgVC=[1, 43, 0] | CurrentVC=[P0:1, P1:43*]
2025-11-20 01:19:51 - P1 - INFO - SEND: message 22 to P2 | MsgVC=[1, 44, 0] | CurrentVC=[P0:1, P1:44*]
2025-11-20 01:19:51 - P1 - INFO - RECEIVE: message 25 from P0 | MsgVC=[50, 0, 1] | CurrentVC=[P0:1, P1:44*]
2025-11-20 01:19:51 - P1 - WARNING - BUFFERED: message 25 from P0 | MsgVC=[50, 0, 1] | CurrentVC=[1, 44, 0] | BufferSize=41 | Reason: Missing 48 message(s) from P0 (need VC[0]=2, got 50); Missing 1 message(s) from P2 (need VC[2]=1, have 0)
2025-11-20 01:19:52 - P1 - INFO - RECEIVE: message 26 from P0 | MsgVC=[52, 0, 1] | CurrentVC=[P0:1, P1:44*]
2025-11-20 01:19:52 - P1 - WARNING - BUFFERED: message 26 from P0 | MsgVC=[52, 0, 1] | CurrentVC=[1, 44, 0] | BufferSize=42 | Reason: Missing 50 message(s) from P0 (need VC[0]=2, got 52); Missing 1 message(s) from P2 (need VC[2]=1, have 0)
2025-11-20 01:19:52 - P1 - INFO - SEND: message 22 to P0 | MsgVC=[1, 45, 0] | CurrentVC=[P0:1, P1:46*]
2025-11-20 01:19:52 - P1 - INFO - SEND: message 23 to P2 | MsgVC=[1, 46, 0] | CurrentVC=[P0:1, P1:46*]
2025-11-20 01:19:52 - P1 - INFO - RECEIVE: message 18 from P2 | MsgVC=[0, 0, 31] | CurrentVC=[P0:1, P1:46*]
2025-11-20 01:19:52 - P1 - WARNING - BUFFERED: message 18 from P2 | MsgVC=[0, 0, 31] | CurrentVC=[1, 46, 0] | BufferSize=43 | Reason: Missing 30 message(s) from P2 (need VC[2]=1, got 31)
2025-11-20 01:19:53 - P1 - INFO - RECEIVE: message 27 from P0 | MsgVC=[54, 0, 1] | CurrentVC=[P0:1, P1:46*]
2025-11-20 01:19:53 - P1 - WARNING - BUFFERED: message 27 from P0 | MsgVC=[54, 0, 1] | CurrentVC=[1, 46, 0] | BufferSize=44 | Reason: Missing 52 message(s) from P0 (need VC[0]=2, got 54); Missing 1 message(s) from P2 (need VC[2]=1, have 0)
2025-11-20 01:19:53 - P1 - INFO - SEND: message 24 to P2 | MsgVC=[1, 47, 0] | CurrentVC=[P0:1, P1:47*]
2025-11-20 01:19:53 - P1 - INFO - SEND: message 23 to P0 | MsgVC=[1, 48, 0] | CurrentVC=[P0:1, P1:48*]
2025-11-20 01:19:53 - P1 - INFO - RECEIVE: message 19 from P2 | MsgVC=[0, 0, 33] | CurrentVC=[P0:1, P1:48*]
2025-11-20 01:19:53 - P1 - WARNING - BUFFERED: message 19 from P2 | MsgVC=[0, 0, 33] | CurrentVC=[1, 48, 0] | BufferSize=45 | Reason: Missing 32 message(s) from P2 (need VC[2]=1, got 33)
2025-11-20 01:19:53 - P1 - INFO - RECEIVE: message 28 from P0 | MsgVC=[56, 0, 1] | CurrentVC=[P0:1, P1:48*]
2025-11-20 01:19:53 - P1 - WARNING - BUFFERED: message 28 from P0 | MsgVC=[56, 0, 1] | CurrentVC=[1, 48, 0] | BufferSize=46 | Reason: Missing 54 message(s) from P0 (need VC[0]=2, got 56); Missing 1 message(s) from P2 (need VC[2]=1, have 0)
2025-11-20 01:19:53 - P1 - INFO - SEND: message 25 to P2 | MsgVC=[1, 49, 0] | CurrentVC=[P0:1, P1:49*]
2025-11-20 01:19:53 - P1 - INFO - SEND: message 24 to P0 | MsgVC=[1, 50, 0] | CurrentVC=[P0:1, P1:50*]
2025-11-20 01:19:54 - P1 - INFO - RECEIVE: message 29 from P0 | MsgVC=[58, 0, 1] | CurrentVC=[P0:1, P1:50*]
2025-11-20 01:19:54 - P1 - WARNING - BUFFERED: message 29 from P0 | MsgVC=[58, 0, 1] | CurrentVC=[1, 50, 0] | BufferSize=47 | Reason: Missing 56 message(s) from P0 (need VC[0]=2, got 58); Missing 1 message(s) from P2 (need VC[2]=1, have 0)
2025-11-20 01:19:54 - P1 - INFO - RECEIVE: message 20 from P2 | MsgVC=[0, 0, 35] | CurrentVC=[P0:1, P1:50*]
2025-11-20 01:19:54 - P1 - WARNING - BUFFERED: message 20 from P2 | MsgVC=[0, 0, 35] | CurrentVC=[1, 50, 0] | BufferSize=48 | Reason: Missing 34 message(s) from P2 (need VC[2]=1, got 35)
2025-11-20 01:19:54 - P1 - INFO - SEND: message 26 to P2 | MsgVC=[1, 51, 0] | CurrentVC=[P0:1, P1:51*]
2025-11-20 01:19:54 - P1 - INFO - SEND: message 25 to P0 | MsgVC=[1, 52, 0] | CurrentVC=[P0:1, P1:52*]
2025-11-20 01:19:54 - P1 - INFO - RECEIVE: message 30 from P0 | MsgVC=[60, 0, 1] | CurrentVC=[P0:1, P1:52*]
2025-11-20 01:19:54 - P1 - WARNING - BUFFERED: message 30 from P0 | MsgVC=[60, 0, 1] | CurrentVC=[1, 52, 0] | BufferSize=49 | Reason: Missing 58 message(s) from P0 (need VC[0]=2, got 60); Missing 1 message(s) from P2 (need VC[2]=1, have 0)
2025-11-20 01:19:54 - P1 - INFO - RECEIVE: message 21 from P2 | MsgVC=[0, 0, 36] | CurrentVC=[P0:1, P1:52*]
2025-11-20 01:19:54 - P1 - WARNING - BUFFERED: message 21 from P2 | MsgVC=[0, 0, 36] | CurrentVC=[1, 52, 0] | BufferSize=50 | Reason: Missing 35 message(s) from P2 (need VC[2]=1, got 36)
2025-11-20 01:19:54 - P1 - INFO - SEND: message 27 to P2 | MsgVC=[1, 53, 0] | CurrentVC=[P0:1, P1:53*]
2025-11-20 01:19:54 - P1 - INFO - SEND: message 26 to P0 | MsgVC=[1, 54, 0] | CurrentVC=[P0:1, P1:54*]
2025-11-20 01:19:55 - P1 - INFO - SEND: message 28 to P2 | MsgVC=[1, 55, 0] | CurrentVC=[P0:1, P1:55*]
2025-11-20 01:19:55 - P1 - INFO - SEND: message 27 to P0 | MsgVC=[1, 56, 0] | CurrentVC=[P0:1, P1:56*]
2025-11-20 01:19:55 - P1 - INFO - RECEIVE: message 22 from P2 | MsgVC=[0, 0, 38] | CurrentVC=[P0:1, P1:56*]
2025-11-20 01:19:55 - P1 - WARNING - BUFFERED: message 22 from P2 | MsgVC=[0, 0, 38] | CurrentVC=[1, 56, 0] | BufferSize=51 | Reason: Missing 37 message(s) from P2 (need VC[2]=1, got 38)
2025-11-20 01:19:56 - P1 - INFO - SEND: message 29 to P2 | MsgVC=[1, 57, 0] | CurrentVC=[P0:1, P1:57*]
2025-11-20 01:19:56 - P1 - INFO - SEND: message 28 to P0 | MsgVC=[1, 58, 0] | CurrentVC=[P0:1, P1:58*]
2025-11-20 01:19:56 - P1 - INFO - RECEIVE: message 23 from P2 | MsgVC=[0, 0, 40] | CurrentVC=[P0:1, P1:58*]
2025-11-20 01:19:56 - P1 - WARNING - BUFFERED: message 23 from P2 | MsgVC=[0, 0, 40] | CurrentVC=[1, 58, 0] | BufferSize=52 | Reason: Missing 39 message(s) from P2 (need VC[2]=1, got 40)
2025-11-20 01:19:56 - P1 - INFO - SEND: message 30 to P2 | MsgVC=[1, 59, 0] | CurrentVC=[P0:1, P1:59*]
2025-11-20 01:19:56 - P1 - INFO - SEND: message 29 to P0 | MsgVC=[1, 60, 0] | CurrentVC=[P0:1, P1:60*]
2025-11-20 01:19:57 - P1 - INFO - RECEIVE: message 24 from P2 | MsgVC=[0, 0, 42] | CurrentVC=[P0:1, P1:60*]
2025-11-20 01:19:57 - P1 - WARNING - BUFFERED: message 24 from P2 | MsgVC=[0, 0, 42] | CurrentVC=[1, 60, 0] | BufferSize=53 | Reason: Missing 41 message(s) from P2 (need VC[2]=1, got 42)
2025-11-20 01:19:57 - P1 - DEBUG - Finished sending 30 messages to P2
2025-11-20 01:19:57 - P1 - INFO - SEND: message 30 to P0 | MsgVC=[1, 61, 0] | CurrentVC=[P0:1, P1:61*]
2025-11-20 01:19:57 - P1 - INFO - RECEIVE: message 25 from P2 | MsgVC=[0, 0, 44] | CurrentVC=[P0:1, P1:61*]
2025-11-20 01:19:57 - P1 - WARNING - BUFFERED: message 25 from P2 | MsgVC=[0, 0, 44] | CurrentVC=[1, 61, 0] | BufferSize=54 | Reason: Missing 43 message(s) from P2 (need VC[2]=1, got 44)
2025-11-20 01:19:57 - P1 - DEBUG - Finished sending 30 messages to P0
2025-11-20 01:19:58 - P1 - INFO - RECEIVE: message 26 from P2 | MsgVC=[0, 0, 45] | CurrentVC=[P0:1, P1:61*]
2025-11-20 01:19:58 - P1 - WARNING - BUFFERED: message 26 from P2 | MsgVC=[0, 0, 45] | CurrentVC=[1, 61, 0] | BufferSize=55 | Reason: Missing 44 message(s) from P2 (need VC[2]=1, got 45)
2025-11-20 01:19:59 - P1 - INFO - RECEIVE: message 27 from P2 | MsgVC=[0, 0, 47] | CurrentVC=[P0:1, P1:61*]
2025-11-20 01:19:59 - P1 - WARNING - BUFFERED: message 27 from P2 | MsgVC=[0, 0, 47] | CurrentVC=[1, 61, 0] | BufferSize=56 | Reason: Missing 46 message(s) from P2 (need VC[2]=1, got 47)
2025-11-20 01:19:59 - P1 - INFO - RECEIVE: message 28 from P2 | MsgVC=[0, 0, 49] | CurrentVC=[P0:1, P1:61*]
2025-11-20 01:19:59 - P1 - WARNING - BUFFERED: message 28 from P2 | MsgVC=[0, 0, 49] | CurrentVC=[1, 61, 0] | BufferSize=57 | Reason: Missing 48 message(s) from P2 (need VC[2]=1, got 49)
2025-11-20 01:20:00 - P1 - INFO - RECEIVE: message 29 from P2 | MsgVC=[0, 0, 51] | CurrentVC=[P0:1, P1:61*]
2025-11-20 01:20:00 - P1 - WARNING - BUFFERED: message 29 from P2 | MsgVC=[0, 0, 51] | CurrentVC=[1, 61, 0] | BufferSize=58 | Reason: Missing 50 message(s) from P2 (need VC[2]=1, got 51)
2025-11-20 01:20:01 - P1 - INFO - RECEIVE: message 30 from P2 | MsgVC=[0, 0, 52] | CurrentVC=[P0:1, P1:61*]
2025-11-20 01:20:01 - P1 - WARNING - BUFFERED: message 30 from P2 | MsgVC=[0, 0, 52] | CurrentVC=[1, 61, 0] | BufferSize=59 | Reason: Missing 51 message(s) from P2 (need VC[2]=1, got 52)
